// Jest Snapshot v1, https://goo.gl/fbAQLP

exports[`action: a 1`] = `
<div>
  a
</div>
`;

exports[`action: b.a 1`] = `
<div>
  b.a
</div>
`;

exports[`action: b.b 1`] = `
<div>
  b.b
</div>
`;

exports[`state: a 1`] = `
<div>
  a
</div>
`;

exports[`state: b.a 1`] = `
<div>
  b.a
</div>
`;

exports[`state: b.b 1`] = `
<div>
  b.b
</div>
`;
